Mon Apr  2 07:03:19 2018 - running command:
	ssh -o StrictHostKeyChecking=no -o PreferredAuthentications=publickey RHEL1  uname -a
	Linux RHEL1 2.6.32-642.el6.x86_64 #1 SMP Wed Apr 13 00:51:26 EDT 2016 x86_64 x86_64 x86_64 GNU/Linux
Mon Apr  2 07:03:19 2018 - running command:
	ssh -o StrictHostKeyChecking=no -o PreferredAuthentications=publickey vsadmin@svm_linux  version
Mon Apr  2 07:03:20 2018 - commnad output:
	NetApp Release 9.1: Thu Dec 22 23:05:58 UTC 2016
	
Mon Apr  2 07:03:20 2018 - running command:
	ssh -o StrictHostKeyChecking=no -o PreferredAuthentications=publickey RHEL1  "lsb_release -s -r | cut -d '.' -f 1"
	6
Mon Apr  2 07:03:20 2018 - running command:
	ssh -o StrictHostKeyChecking=no -o PreferredAuthentications=publickey RHEL1  "lsb_release -s -r | cut -d '.' -f 2"
	8
Mon Apr  2 07:03:20 2018 - identified RedHat release as 6.8
Mon Apr  2 07:03:20 2018 - installing HAK and SD on server
Mon Apr  2 07:03:20 2018 - running command:
	ssh -o StrictHostKeyChecking=no -o PreferredAuthentications=publickey RHEL1  yum install -y libhbaapi*
Mon Apr  2 07:03:21 2018 - commnad output:
	Loaded plugins: product-id, refresh-packagekit, search-disabled-repos, security,
	              : subscription-manager
	This system is not registered to Red Hat Subscription Management. You can use subscription-manager to register.
	Setting up Install Process
	Package libhbaapi-2.2.9-2.el6.x86_64 already installed and latest version
	Nothing to do
Mon Apr  2 07:03:21 2018 - running command:
	scp -o StrictHostKeyChecking=no -o PreferredAuthentications=publickey /root/netapp_linux_unified_host_utilities-7-1.x86_64.rpm RHEL1:/root/netapp_linux_unified_host_utilities-7-1.x86_64.rpm
Mon Apr  2 07:03:21 2018 - commnad output:
Mon Apr  2 07:03:21 2018 - running command:
	scp -o StrictHostKeyChecking=no -o PreferredAuthentications=publickey /root/netapp.snapdrive.linux_x86_64_5_3_1P2.rpm RHEL1:/root/netapp.snapdrive.linux_x86_64_5_3_1P2.rpm
Mon Apr  2 07:03:21 2018 - commnad output:
Mon Apr  2 07:03:21 2018 - running command:
	ssh -o StrictHostKeyChecking=no -o PreferredAuthentications=publickey RHEL1  rpm -i /root/netapp_linux_unified_host_utilities-7-1.x86_64.rpm
Mon Apr  2 07:03:21 2018 - commnad output:
Mon Apr  2 07:03:21 2018 - running command:
	ssh -o StrictHostKeyChecking=no -o PreferredAuthentications=publickey RHEL1  rpm -i /root/netapp.snapdrive.linux_x86_64_5_3_1P2.rpm
Mon Apr  2 07:03:21 2018 - commnad output:
Mon Apr  2 07:03:21 2018 - running command:
	scp -o StrictHostKeyChecking=no -o PreferredAuthentications=publickey /root/lvm/snapdrive.conf RHEL1:/opt/NetApp/snapdrive/snapdrive.conf
Mon Apr  2 07:03:21 2018 - commnad output:

Mon Apr  2 07:03:21 2018 - creating/modifing netapp volume and luns
Mon Apr  2 07:03:21 2018 - running command:
	ssh -o StrictHostKeyChecking=no -o PreferredAuthentications=publickey RHEL1 pvdisplay -C -o pv_name,vg_name,pv_size --units g
Mon Apr  2 07:03:21 2018 - commnad output:
	  PV                              VG                    PSize  
	  /dev/mapper/cdotsan_RHEL1_vg1_1 vg1                   101.00g
	  /dev/mapper/cdotsan_RHEL1_vg1_2 vg1                   101.00g
	  /dev/mapper/cdotsan_RHEL1_vg1_3 vg1                   101.00g
	  /dev/mapper/cdotsan_RHEL1_vg2_1 vg2                    81.01g
	  /dev/mapper/cdotsan_RHEL1_vg2_2 vg2                    81.01g
	  /dev/mapper/mpathf              vg1_old_to_delete_XIV 100.00g
	  /dev/mapper/mpathg              vg1_old_to_delete_XIV 100.00g
	  /dev/mapper/mpathh              vg1_old_to_delete_XIV 100.00g
	  /dev/mapper/mpathi              vg2_old_to_delete_XIV  80.00g
	  /dev/mapper/mpathj              vg2_old_to_delete_XIV  80.00g
	  /dev/sda2                       vg_rhel1               15.51g
Mon Apr  2 07:03:21 2018 - WARNING: could not identify PVs for VG or all been migrated: vg1
Mon Apr  2 07:03:21 2018 - WARNING: could not identify PVs for VG or all been migrated: vg2
Mon Apr  2 07:03:21 2018 - running command:
	ssh -o StrictHostKeyChecking=no -o PreferredAuthentications=publickey vsadmin@svm_linux  volume show -volume new_rhel1_yoni -field state,type
Mon Apr  2 07:03:22 2018 - commnad output:
	vserver   volume         state  type 
	--------- -------------- ------ ---- 
	svm_linux new_rhel1_yoni online RW   
	
Mon Apr  2 07:03:22 2018 - modifing volume:new_rhel1_yoni size:100g
Mon Apr  2 07:03:22 2018 - running command:
	ssh -o StrictHostKeyChecking=no -o PreferredAuthentications=publickey vsadmin@svm_linux  "set -confirmation off;volume modify -volume new_rhel1_yoni -size +100g -space-guarantee none -percent-snapshot-space 0 -autosize-mode grow-shrink -max-autosize 200g -min-autosize 100g -autosize-grow-threshold-percent 90  -autosize-shrink-threshold-percent 75 -snapshot-policy default"
Mon Apr  2 07:03:23 2018 - commnad output:
	
	
	Error: command failed: Unable to set volume attribute "max-autosize" for volume
	       "new_rhel1_yoni" on Vserver "svm_linux". Reason: Specified volume
	       maximum size is too small and must be greater than or equal to the
	       current size.
	       vol size: Flexible volume 'new_rhel1_yoni' size set to 1080033280k.
	       vol size: Warning: Flexible volume 'new_rhel1_yoni' autosize limit
	       (1950351360KB) is more than the new size of the volume. 
	
Mon Apr  2 07:03:23 2018 - running command:
	ssh -o StrictHostKeyChecking=no -o PreferredAuthentications=publickey vsadmin@svm_linux  volume efficiency on -volume new_rhel1_yoni
Mon Apr  2 07:03:24 2018 - commnad output:
	
	Error: "efficiency" is not a recognized command
	
Mon Apr  2 07:03:24 2018 - running command:
	ssh -o StrictHostKeyChecking=no -o PreferredAuthentications=publickey vsadmin@svm_linux  "set -units gb;lun show -fields path,size,state,mapped -volume new_rhel1_yoni"
Mon Apr  2 07:03:24 2018 - commnad output:
	
	vserver   path                      size  state  mapped 
	--------- ------------------------- ----- ------ ------ 
	svm_linux /vol/new_rhel1_yoni/vg1_1 101GB online mapped 
	svm_linux /vol/new_rhel1_yoni/vg1_2 101GB online mapped 
	svm_linux /vol/new_rhel1_yoni/vg1_3 101GB online mapped 
	svm_linux /vol/new_rhel1_yoni/archive/vg2_1 81GB online mapped 
	svm_linux /vol/new_rhel1_yoni/archive/vg2_2 81GB online mapped 
	5 entries were displayed.
	
Mon Apr  2 07:03:24 2018 - running command:
	ssh -o StrictHostKeyChecking=no -o PreferredAuthentications=publickey vsadmin@svm_linux  lun mapping show -volume new_rhel1_yoni -fields path,igroup
Mon Apr  2 07:03:25 2018 - commnad output:
	vserver   path                      igroup 
	--------- ------------------------- ------ 
	svm_linux /vol/new_rhel1_yoni/vg1_1 RHEL1  
	svm_linux /vol/new_rhel1_yoni/vg1_2 RHEL1  
	svm_linux /vol/new_rhel1_yoni/vg1_3 RHEL1  
	svm_linux /vol/new_rhel1_yoni/archive/vg2_1 RHEL1 
	svm_linux /vol/new_rhel1_yoni/archive/vg2_2 RHEL1 
	5 entries were displayed.
	
Mon Apr  2 07:03:25 2018 - running command:
	ssh -o StrictHostKeyChecking=no -o PreferredAuthentications=publickey vsadmin@svm_linux  igroup show RHEL1 -fields initiator
Mon Apr  2 07:03:26 2018 - commnad output:
	vserver   igroup initiator                                    
	--------- ------ -------------------------------------------- 
	svm_linux RHEL1  iqn.1994-05.com.redhat:rhel1.demo.netapp.com 
	
Mon Apr  2 07:03:26 2018 - running comamnd:
	ssh -o StrictHostKeyChecking=no -o PreferredAuthentications=publickey RHEL1  cat /etc/multipath.conf
Mon Apr  2 07:03:26 2018 - commnad output:
	# This is a basic configuration file with some examples, for device mapper
# multipath.
# For a complete list of the default configuration values, see
# /usr/share/doc/device-mapper-multipath-0.4.9/multipath.conf.defaults
# For a list of configuration options with descriptions, see
# /usr/share/doc/device-mapper-multipath-0.4.9/multipath.conf.annotated
#
# REMEMBER: After updating multipath.conf, you must run
#
# service multipathd reload
#
# for the changes to take effect in multipathd

# NetApp recommended defaults
defaults {
	flush_on_last_del	yes
	max_fds			max
	queue_without_daemon	no
	user_friendly_names	yes
	dev_loss_tmo		infinity
	fast_io_fail_tmo	5
}

blacklist {
	devnode "^hd[a-z]"
	devnode "^(ram|raw|loop|md|dm-)[0-9]*"
	devnode "^ccis.*"
}

devices {
	device {
		vendor "NETAPP"
		product "LUN"
		path_grouping_policy group_by_prio
		features "3 queue_if_no_path pg_init_retries 50"
		prio "alua"
		path_checker tur
		path_selector "round-robin 0"
		failback immediate
		hardware_handler "1 alua"
		rr_weight uniform
		rr_min_io 128
		getuid_callout "/lib/udev/scsi_id -g -u -d /dev/%n"
	}
}

multipaths {
	multipath {
		alias cdotsan_RHEL1_vg1_2
		wwid 3600a0980774f6a344b2b4632512f3634
	}
	multipath {
		alias cdotsan_RHEL1_vg1_3
		wwid 3600a0980774f6a344b2b4632512f3635
	}
	multipath {
		alias cdotsan_RHEL1_vg1_1
		wwid 3600a0980774f6a344b2b4632512f3633
	}
	multipath {
		alias cdotsan_RHEL1_vg2_2
		wwid 3600a0980774f6a344b2b4632512f3637
	}
	multipath {
		alias cdotsan_RHEL1_vg2_1
		wwid 3600a0980774f6a344b2b4632512f3636
	}
}


	Mon Apr  2 07:03:26 2018 - path_checker been set as: tur
	Mon Apr  2 07:03:26 2018 - features been set as: "3 queue_if_no_path pg_init_retries 50"
	Mon Apr  2 07:03:26 2018 - prio been set as: prio "alua"
	Mon Apr  2 07:03:26 2018 - getuid_callout been set as: "/lib/udev/scsi_id -g -u -d /dev/%n"
Mon Apr  2 07:03:26 2018 - backing up and recreating /etc/multipath.conf
Mon Apr  2 07:03:26 2018 - running command:
	ssh -o StrictHostKeyChecking=no -o PreferredAuthentications=publickey RHEL1  "yes|cp -rf /etc/multipath.conf /etc/multipath.conf.orig"
Mon Apr  2 07:03:26 2018 - commnad output:
Mon Apr  2 07:03:26 2018 - running command:
	scp -o StrictHostKeyChecking=no -o PreferredAuthentications=publickey /tmp/multipath_RHEL1.tmp RHEL1:/etc/multipath.conf
Mon Apr  2 07:03:26 2018 - commnad output:

Mon Apr  2 07:03:26 2018 - rescanning new devices
Mon Apr  2 07:03:26 2018 - copying rescan script /root/lvm/scsi-rescan to the server
Mon Apr  2 07:03:26 2018 - running command:
	scp -o StrictHostKeyChecking=no -o PreferredAuthentications=publickey /root/lvm/scsi-rescan RHEL1:/root/scsi-rescan
Mon Apr  2 07:03:26 2018 - commnad output:
Mon Apr  2 07:03:26 2018 - running command:
	ssh -o StrictHostKeyChecking=no -o PreferredAuthentications=publickey RHEL1  bash /root/scsi-rescan
Mon Apr  2 07:03:26 2018 - commnad output:
	scanning scsi host adapter:host0 0
	scanning scsi host adapter:host1 0
	scanning scsi host adapter:host2 0
	scanning scsi host adapter:host3 0
	scanning scsi host adapter:host4 0
	scanning scsi host adapter:host5 0
	scanning scsi host adapter:host6 0
	scanning scsi host adapter:host7 0
	scanning scsi host adapter:host8 0
	scanning scsi host adapter:host9 0
Mon Apr  2 07:03:26 2018 - running command:
	ssh -o StrictHostKeyChecking=no -o PreferredAuthentications=publickey RHEL1  iscsiadm -m session --rescan
Mon Apr  2 07:03:26 2018 - commnad output:
	Rescanning session [sid: 5, target: iqn.1992-08.com.netapp:sn.deff0b1123dc11e4be370050569922da:vs.6, portal: 192.168.1.34,3260]
	Rescanning session [sid: 8, target: iqn.1992-08.com.netapp:sn.deff0b1123dc11e4be370050569922da:vs.6, portal: 192.168.2.34,3260]
	Rescanning session [sid: 2, target: iqn.1992-08.com.netapp:sn.deff0b1123dc11e4be370050569922da:vs.6, portal: 192.168.1.33,3260]
	Rescanning session [sid: 4, target: iqn.1992-08.com.netapp:sn.deff0b1123dc11e4be370050569922da:vs.6, portal: 192.168.2.33,3260]
	Rescanning session [sid: 1, target: iqn.1992-08.com.netapp:sn.deff0b1123dc11e4be370050569922da:vs.6, portal: 192.168.2.32,3260]
	Rescanning session [sid: 3, target: iqn.1992-08.com.netapp:sn.deff0b1123dc11e4be370050569922da:vs.6, portal: 192.168.1.32,3260]
	Rescanning session [sid: 6, target: iqn.1992-08.com.netapp:sn.deff0b1123dc11e4be370050569922da:vs.6, portal: 192.168.1.31,3260]
	Rescanning session [sid: 7, target: iqn.1992-08.com.netapp:sn.deff0b1123dc11e4be370050569922da:vs.6, portal: 192.168.2.31,3260]

Mon Apr  2 07:03:36 2018 - configuration of dmultipath devices
Mon Apr  2 07:03:36 2018 - running command:
	ssh -o StrictHostKeyChecking=no -o PreferredAuthentications=publickey RHEL1  multipath -r
Mon Apr  2 07:03:38 2018 - commnad output:
	reload: mpathf (3600a0980774f6a344d5d463251667a67) undef NETAPP,LUN C-Mode
	size=100G features='3 queue_if_no_path pg_init_retries 50' hwhandler='1 alua' wp=undef
	|-+- policy='round-robin 0' prio=50 status=undef
	| |- 3:0:0:0  sdv  65:80  active ready  running
	| `- 5:0:0:0  sdaf 65:240 active ready  running
	`-+- policy='round-robin 0' prio=10 status=undef
	  |- 4:0:0:0  sdb  8:16   active ready  running
	  |- 6:0:0:0  sdg  8:96   active ready  running
	  |- 8:0:0:0  sdap 66:144 active ready  running
	  `- 9:0:0:0  sdaz 67:48  active ready  running
	reload: mpathh (3600a0980774f6a344d5d463251667a68) undef NETAPP,LUN C-Mode
	size=100G features='3 queue_if_no_path pg_init_retries 50' hwhandler='1 alua' wp=undef
	|-+- policy='round-robin 0' prio=50 status=undef
	| |- 3:0:0:1  sdw  65:96  active ready  running
	| `- 5:0:0:1  sdag 66:0   active ready  running
	`-+- policy='round-robin 0' prio=10 status=undef
	  |- 4:0:0:1  sdc  8:32   active ready  running
	  |- 6:0:0:1  sdh  8:112  active ready  running
	  |- 8:0:0:1  sdaq 66:160 active ready  running
	  `- 9:0:0:1  sdba 67:64  active ready  running
	reload: mpathg (3600a0980774f6a344d5d463251667a69) undef NETAPP,LUN C-Mode
	size=100G features='3 queue_if_no_path pg_init_retries 50' hwhandler='1 alua' wp=undef
	|-+- policy='round-robin 0' prio=50 status=undef
	| |- 3:0:0:2  sdx  65:112 active ready  running
	| `- 5:0:0:2  sdah 66:16  active ready  running
	`-+- policy='round-robin 0' prio=10 status=undef
	  |- 4:0:0:2  sdd  8:48   active ready  running
	  |- 6:0:0:2  sdi  8:128  active ready  running
	  |- 8:0:0:2  sdar 66:176 active ready  running
	  `- 9:0:0:2  sdbb 67:80  active ready  running
	reload: mpathi (3600a0980774f6a344d5d463251667a6a) undef NETAPP,LUN C-Mode
	size=80G features='3 queue_if_no_path pg_init_retries 50' hwhandler='1 alua' wp=undef
	|-+- policy='round-robin 0' prio=50 status=undef
	| |- 3:0:0:3  sdy  65:128 active ready  running
	| `- 5:0:0:3  sdai 66:32  active ready  running
	`-+- policy='round-robin 0' prio=10 status=undef
	  |- 4:0:0:3  sde  8:64   active ready  running
	  |- 6:0:0:3  sdj  8:144  active ready  running
	  |- 8:0:0:3  sdas 66:192 active ready  running
	  `- 9:0:0:3  sdbc 67:96  active ready  running
	reload: mpathj (3600a0980774f6a344d5d463251667a6b) undef NETAPP,LUN C-Mode
	size=80G features='3 queue_if_no_path pg_init_retries 50' hwhandler='1 alua' wp=undef
	|-+- policy='round-robin 0' prio=50 status=undef
	| |- 3:0:0:4  sdz  65:144 active ready  running
	| `- 5:0:0:4  sdaj 66:48  active ready  running
	`-+- policy='round-robin 0' prio=10 status=undef
	  |- 4:0:0:4  sdf  8:80   active ready  running
	  |- 6:0:0:4  sdk  8:160  active ready  running
	  |- 8:0:0:4  sdat 66:208 active ready  running
	  `- 9:0:0:4  sdbd 67:112 active ready  running
	Apr 02 07:03:37 | A dynamic linking error occurred: (/lib64/multipath/libprio.so: cannot open shared object file: No such file or directory)
	Apr 02 07:03:37 | A dynamic linking error occurred: (/lib64/multipath/libprio.so: cannot open shared object file: No such file or directory)
	Apr 02 07:03:37 | A dynamic linking error occurred: (/lib64/multipath/libprio.so: cannot open shared object file: No such file or directory)
	Apr 02 07:03:37 | A dynamic linking error occurred: (/lib64/multipath/libprio.so: cannot open shared object file: No such file or directory)
	Apr 02 07:03:37 | A dynamic linking error occurred: (/lib64/multipath/libprio.so: cannot open shared object file: No such file or directory)
	Apr 02 07:03:37 | A dynamic linking error occurred: (/lib64/multipath/libprio.so: cannot open shared object file: No such file or directory)
	Apr 02 07:03:37 | A dynamic linking error occurred: (/lib64/multipath/libprio.so: cannot open shared object file: No such file or directory)
	Apr 02 07:03:37 | A dynamic linking error occurred: (/lib64/multipath/libprio.so: cannot open shared object file: No such file or directory)
	Apr 02 07:03:37 | A dynamic linking error occurred: (/lib64/multipath/libprio.so: cannot open shared object file: No such file or directory)
	Apr 02 07:03:37 | A dynamic linking error occurred: (/lib64/multipath/libprio.so: cannot open shared object file: No such file or directory)
	reload: cdotsan_RHEL1_vg1_1 (3600a0980774f6a344b2b4632512f3633) undef NETAPP,LUN C-Mode
	size=101G features='3 queue_if_no_path pg_init_retries 50' hwhandler='1 alua' wp=undef
	|-+- policy='round-robin 0' prio=50 status=undef
	| |- 8:0:0:10 sdau 66:224 active ready  running
	| `- 9:0:0:10 sdbe 67:128 active ready  running
	`-+- policy='round-robin 0' prio=10 status=undef
	  |- 3:0:0:10 sdaa 65:160 active ready  running
	  `- 5:0:0:10 sdak 66:64  active ready  running
	reload: cdotsan_RHEL1_vg1_3 (3600a0980774f6a344b2b4632512f3635) undef NETAPP,LUN C-Mode
	size=101G features='3 queue_if_no_path pg_init_retries 50' hwhandler='1 alua' wp=undef
	|-+- policy='round-robin 0' prio=50 status=undef
	| |- 8:0:0:12 sdaw 67:0   active ready  running
	| `- 9:0:0:12 sdbg 67:160 active ready  running
	`-+- policy='round-robin 0' prio=10 status=undef
	  |- 3:0:0:12 sdac 65:192 active ready  running
	  `- 5:0:0:12 sdam 66:96  active ready  running
	reload: cdotsan_RHEL1_vg2_1 (3600a0980774f6a344b2b4632512f3636) undef NETAPP,LUN C-Mode
	size=81G features='3 queue_if_no_path pg_init_retries 50' hwhandler='1 alua' wp=undef
	|-+- policy='round-robin 0' prio=50 status=undef
	| |- 8:0:0:13 sdax 67:16  active ready  running
	| `- 9:0:0:13 sdbh 67:176 active ready  running
	`-+- policy='round-robin 0' prio=10 status=undef
	  |- 3:0:0:13 sdad 65:208 active ready  running
	  `- 5:0:0:13 sdan 66:112 active ready  running
	reload: cdotsan_RHEL1_vg2_2 (3600a0980774f6a344b2b4632512f3637) undef NETAPP,LUN C-Mode
	size=81G features='3 queue_if_no_path pg_init_retries 50' hwhandler='1 alua' wp=undef
	|-+- policy='round-robin 0' prio=50 status=undef
	| |- 8:0:0:14 sday 67:32  active ready  running
	| `- 9:0:0:14 sdbi 67:192 active ready  running
	`-+- policy='round-robin 0' prio=10 status=undef
	  |- 3:0:0:14 sdae 65:224 active ready  running
	  `- 5:0:0:14 sdao 66:128 active ready  running
	reload: cdotsan_RHEL1_vg1_2 (3600a0980774f6a344b2b4632512f3634) undef NETAPP,LUN C-Mode
	size=101G features='3 queue_if_no_path pg_init_retries 50' hwhandler='1 alua' wp=undef
	|-+- policy='round-robin 0' prio=50 status=undef
	| |- 8:0:0:11 sdav 66:240 active ready  running
	| `- 9:0:0:11 sdbf 67:144 active ready  running
	`-+- policy='round-robin 0' prio=10 status=undef
	  |- 3:0:0:11 sdab 65:176 active ready  running
	  `- 5:0:0:11 sdal 66:80  active ready  running

Mon Apr  2 07:03:38 2018 - creating PV from new devices
Mon Apr  2 07:03:38 2018 - running command:
	ssh -o StrictHostKeyChecking=no -o PreferredAuthentications=publickey RHEL1  lvmdiskscan
Mon Apr  2 07:03:38 2018 - commnad output:
	  /dev/ram0                       [      16.00 MiB] 
	  /dev/root                       [      11.51 GiB] 
	  /dev/ram1                       [      16.00 MiB] 
	  /dev/sda1                       [     500.00 MiB] 
	  /dev/vg_rhel1/lv_swap           [       4.00 GiB] 
	  /dev/ram2                       [      16.00 MiB] 
	  /dev/sda2                       [      15.51 GiB] LVM physical volume
	  /dev/mapper/mpathf              [     100.00 GiB] LVM physical volume
	  /dev/ram3                       [      16.00 MiB] 
	  /dev/mapper/mpathh              [     100.00 GiB] LVM physical volume
	  /dev/ram4                       [      16.00 MiB] 
	  /dev/mapper/mpathg              [     100.00 GiB] LVM physical volume
	  /dev/ram5                       [      16.00 MiB] 
	  /dev/mapper/mpathi              [      80.01 GiB] LVM physical volume
	  /dev/ram6                       [      16.00 MiB] 
	  /dev/mapper/mpathj              [      80.01 GiB] LVM physical volume
	  /dev/ram7                       [      16.00 MiB] 
	  /dev/vg1/lv1                    [     600.00 MiB] 
	  /dev/ram8                       [      16.00 MiB] 
	  /dev/vg1/lv3                    [     600.00 MiB] 
	  /dev/ram9                       [      16.00 MiB] 
	  /dev/vg1/lv2                    [     600.00 MiB] 
	  /dev/ram10                      [      16.00 MiB] 
	  /dev/vg2/lv1                    [     600.00 MiB] 
	  /dev/ram11                      [      16.00 MiB] 
	  /dev/vg2/lv2                    [     600.00 MiB] 
	  /dev/ram12                      [      16.00 MiB] 
	  /dev/mapper/cdotsan_RHEL1_vg2_2 [      81.01 GiB] LVM physical volume
	  /dev/ram13                      [      16.00 MiB] 
	  /dev/mapper/cdotsan_RHEL1_vg1_3 [     101.00 GiB] LVM physical volume
	  /dev/ram14                      [      16.00 MiB] 
	  /dev/mapper/cdotsan_RHEL1_vg1_1 [     101.00 GiB] LVM physical volume
	  /dev/ram15                      [      16.00 MiB] 
	  /dev/mapper/cdotsan_RHEL1_vg2_1 [      81.01 GiB] LVM physical volume
	  /dev/mapper/cdotsan_RHEL1_vg1_2 [     101.00 GiB] LVM physical volume
	  2 disks
	  22 partitions
	  5 LVM physical volume whole disks
	  6 LVM physical volumes
Mon Apr  2 07:03:38 2018 - running command:
	ssh -o StrictHostKeyChecking=no -o PreferredAuthentications=publickey RHEL1  pvs --units m -o +pv_pe_count
Mon Apr  2 07:03:39 2018 - commnad output:
	  PV                              VG                    Fmt  Attr PSize      PFree      PE   
	  /dev/mapper/cdotsan_RHEL1_vg1_1 vg1                   lvm2 a--u 103420.00m 102820.00m 25855
	  /dev/mapper/cdotsan_RHEL1_vg1_2 vg1                   lvm2 a--u 103420.00m 102820.00m 25855
	  /dev/mapper/cdotsan_RHEL1_vg1_3 vg1                   lvm2 a--u 103420.00m 102820.00m 25855
	  /dev/mapper/cdotsan_RHEL1_vg2_1 vg2                   lvm2 a--u  82952.00m  82352.00m 20738
	  /dev/mapper/cdotsan_RHEL1_vg2_2 vg2                   lvm2 a--u  82952.00m  82352.00m 20738
	  /dev/mapper/mpathf              vg1_old_to_delete_XIV lvm2 a--u 102396.00m 101796.00m 25599
	  /dev/mapper/mpathg              vg1_old_to_delete_XIV lvm2 a--u 102396.00m 101796.00m 25599
	  /dev/mapper/mpathh              vg1_old_to_delete_XIV lvm2 a--u 102396.00m 101796.00m 25599
	  /dev/mapper/mpathi              vg2_old_to_delete_XIV lvm2 a--u  81924.00m  81324.00m 20481
	  /dev/mapper/mpathj              vg2_old_to_delete_XIV lvm2 a--u  81924.00m  81324.00m 20481
	  /dev/sda2                       vg_rhel1              lvm2 a--u  15880.00m         0m  3970

Mon Apr  2 07:03:39 2018 - extending VG based on new devices
Mon Apr  2 07:03:39 2018 - running command:
	ssh -o StrictHostKeyChecking=no -o PreferredAuthentications=publickey RHEL1  lvmdiskscan
Mon Apr  2 07:03:39 2018 - commnad output:
	  /dev/ram0                       [      16.00 MiB] 
	  /dev/root                       [      11.51 GiB] 
	  /dev/ram1                       [      16.00 MiB] 
	  /dev/sda1                       [     500.00 MiB] 
	  /dev/vg_rhel1/lv_swap           [       4.00 GiB] 
	  /dev/ram2                       [      16.00 MiB] 
	  /dev/sda2                       [      15.51 GiB] LVM physical volume
	  /dev/mapper/mpathf              [     100.00 GiB] LVM physical volume
	  /dev/ram3                       [      16.00 MiB] 
	  /dev/mapper/mpathh              [     100.00 GiB] LVM physical volume
	  /dev/ram4                       [      16.00 MiB] 
	  /dev/mapper/mpathg              [     100.00 GiB] LVM physical volume
	  /dev/ram5                       [      16.00 MiB] 
	  /dev/mapper/mpathi              [      80.01 GiB] LVM physical volume
	  /dev/ram6                       [      16.00 MiB] 
	  /dev/mapper/mpathj              [      80.01 GiB] LVM physical volume
	  /dev/ram7                       [      16.00 MiB] 
	  /dev/vg1/lv1                    [     600.00 MiB] 
	  /dev/ram8                       [      16.00 MiB] 
	  /dev/vg1/lv3                    [     600.00 MiB] 
	  /dev/ram9                       [      16.00 MiB] 
	  /dev/vg1/lv2                    [     600.00 MiB] 
	  /dev/ram10                      [      16.00 MiB] 
	  /dev/vg2/lv1                    [     600.00 MiB] 
	  /dev/ram11                      [      16.00 MiB] 
	  /dev/vg2/lv2                    [     600.00 MiB] 
	  /dev/ram12                      [      16.00 MiB] 
	  /dev/mapper/cdotsan_RHEL1_vg2_2 [      81.01 GiB] LVM physical volume
	  /dev/ram13                      [      16.00 MiB] 
	  /dev/mapper/cdotsan_RHEL1_vg1_3 [     101.00 GiB] LVM physical volume
	  /dev/ram14                      [      16.00 MiB] 
	  /dev/mapper/cdotsan_RHEL1_vg1_1 [     101.00 GiB] LVM physical volume
	  /dev/ram15                      [      16.00 MiB] 
	  /dev/mapper/cdotsan_RHEL1_vg2_1 [      81.01 GiB] LVM physical volume
	  /dev/mapper/cdotsan_RHEL1_vg1_2 [     101.00 GiB] LVM physical volume
	  2 disks
	  22 partitions
	  5 LVM physical volume whole disks
	  6 LVM physical volumes
Mon Apr  2 07:03:39 2018 - running command:
	ssh -o StrictHostKeyChecking=no -o PreferredAuthentications=publickey RHEL1  pvs --units m -o +pv_pe_count
Mon Apr  2 07:03:39 2018 - commnad output:
	  PV                              VG                    Fmt  Attr PSize      PFree      PE   
	  /dev/mapper/cdotsan_RHEL1_vg1_1 vg1                   lvm2 a--u 103420.00m 102820.00m 25855
	  /dev/mapper/cdotsan_RHEL1_vg1_2 vg1                   lvm2 a--u 103420.00m 102820.00m 25855
	  /dev/mapper/cdotsan_RHEL1_vg1_3 vg1                   lvm2 a--u 103420.00m 102820.00m 25855
	  /dev/mapper/cdotsan_RHEL1_vg2_1 vg2                   lvm2 a--u  82952.00m  82352.00m 20738
	  /dev/mapper/cdotsan_RHEL1_vg2_2 vg2                   lvm2 a--u  82952.00m  82352.00m 20738
	  /dev/mapper/mpathf              vg1_old_to_delete_XIV lvm2 a--u 102396.00m 101796.00m 25599
	  /dev/mapper/mpathg              vg1_old_to_delete_XIV lvm2 a--u 102396.00m 101796.00m 25599
	  /dev/mapper/mpathh              vg1_old_to_delete_XIV lvm2 a--u 102396.00m 101796.00m 25599
	  /dev/mapper/mpathi              vg2_old_to_delete_XIV lvm2 a--u  81924.00m  81324.00m 20481
	  /dev/mapper/mpathj              vg2_old_to_delete_XIV lvm2 a--u  81924.00m  81324.00m 20481
	  /dev/sda2                       vg_rhel1              lvm2 a--u  15880.00m         0m  3970

Mon Apr  2 07:03:39 2018 - creating lvmirrors
Mon Apr  2 07:03:39 2018 - running command:
	ssh -o StrictHostKeyChecking=no -o PreferredAuthentications=publickey RHEL1  lvs --all --units g --separator ^ -o lv_name,vg_name,size,devices,copy_percent,lv_attr
Mon Apr  2 07:03:39 2018 - commnad output:
	  LV^VG^LSize^Devices^Cpy%Sync^Attr
	  lv1^vg1^0.59g^/dev/mapper/cdotsan_RHEL1_vg1_2(0)^^-wi-ao----
	  lv1^vg1^0.59g^/dev/mapper/cdotsan_RHEL1_vg1_1(0)^^-wi-ao----
	  lv1^vg1^0.59g^/dev/mapper/cdotsan_RHEL1_vg1_3(0)^^-wi-ao----
	  lv2^vg1^0.59g^/dev/mapper/cdotsan_RHEL1_vg1_2(50)^^-wi-ao----
	  lv2^vg1^0.59g^/dev/mapper/cdotsan_RHEL1_vg1_1(50)^^-wi-ao----
	  lv2^vg1^0.59g^/dev/mapper/cdotsan_RHEL1_vg1_3(50)^^-wi-ao----
	  lv3^vg1^0.59g^/dev/mapper/cdotsan_RHEL1_vg1_2(100)^^-wi-ao----
	  lv3^vg1^0.59g^/dev/mapper/cdotsan_RHEL1_vg1_1(100)^^-wi-ao----
	  lv3^vg1^0.59g^/dev/mapper/cdotsan_RHEL1_vg1_3(100)^^-wi-ao----
	  lv1_old_to_delete_XIV^vg1_old_to_delete_XIV^0.59g^/dev/mapper/mpathh(0),/dev/mapper/mpathf(0),/dev/mapper/mpathg(0)^^-wi-------
	  lv2_old_to_delete_XIV^vg1_old_to_delete_XIV^0.59g^/dev/mapper/mpathh(50),/dev/mapper/mpathf(50),/dev/mapper/mpathg(50)^^-wi-------
	  lv3_old_to_delete_XIV^vg1_old_to_delete_XIV^0.59g^/dev/mapper/mpathh(100),/dev/mapper/mpathf(100),/dev/mapper/mpathg(100)^^-wi-------
	  lv1^vg2^0.59g^/dev/mapper/cdotsan_RHEL1_vg2_2(0)^^-wi-ao----
	  lv1^vg2^0.59g^/dev/mapper/cdotsan_RHEL1_vg2_1(0)^^-wi-ao----
	  lv2^vg2^0.59g^/dev/mapper/cdotsan_RHEL1_vg2_2(75)^^-wi-ao----
	  lv2^vg2^0.59g^/dev/mapper/cdotsan_RHEL1_vg2_1(75)^^-wi-ao----
	  lv1_old_to_delete_XIV^vg2_old_to_delete_XIV^0.59g^/dev/mapper/mpathi(0),/dev/mapper/mpathj(0)^^-wi-------
	  lv2_old_to_delete_XIV^vg2_old_to_delete_XIV^0.59g^/dev/mapper/mpathi(75),/dev/mapper/mpathj(75)^^-wi-------
	  lv_root^vg_rhel1^11.51g^/dev/sda2(0)^^-wi-ao----
	  lv_swap^vg_rhel1^4.00g^/dev/sda2(2946)^^-wi-ao----
Mon Apr  2 07:03:39 2018 - running command:
	ssh -o StrictHostKeyChecking=no -o PreferredAuthentications=publickey RHEL1  pvdisplay -m
Mon Apr  2 07:03:39 2018 - commnad output:
	  --- Physical volume ---
	  PV Name               /dev/mapper/cdotsan_RHEL1_vg1_2
	  VG Name               vg1
	  PV Size               101.00 GiB / not usable 4.00 MiB
	  Allocatable           yes 
	  PE Size               4.00 MiB
	  Total PE              25855
	  Free PE               25705
	  Allocated PE          150
	  PV UUID               Sj1Xmw-1xGF-t9b2-6M9q-1frZ-EcIn-C1HXaH
	   
	  --- Physical Segments ---
	  Physical extent 0 to 49:
	    Logical volume	/dev/vg1/lv1
	    Logical extents	0 to 49
	  Physical extent 50 to 99:
	    Logical volume	/dev/vg1/lv2
	    Logical extents	0 to 49
	  Physical extent 100 to 149:
	    Logical volume	/dev/vg1/lv3
	    Logical extents	0 to 49
	  Physical extent 150 to 25854:
	    FREE
	   
	  --- Physical volume ---
	  PV Name               /dev/mapper/cdotsan_RHEL1_vg1_3
	  VG Name               vg1
	  PV Size               101.00 GiB / not usable 4.00 MiB
	  Allocatable           yes 
	  PE Size               4.00 MiB
	  Total PE              25855
	  Free PE               25705
	  Allocated PE          150
	  PV UUID               gIeGgw-ECPR-Ro0R-3XXE-5Mef-Kczh-J8W4n0
	   
	  --- Physical Segments ---
	  Physical extent 0 to 49:
	    Logical volume	/dev/vg1/lv1
	    Logical extents	100 to 149
	  Physical extent 50 to 99:
	    Logical volume	/dev/vg1/lv2
	    Logical extents	100 to 149
	  Physical extent 100 to 149:
	    Logical volume	/dev/vg1/lv3
	    Logical extents	100 to 149
	  Physical extent 150 to 25854:
	    FREE
	   
	  --- Physical volume ---
	  PV Name               /dev/mapper/cdotsan_RHEL1_vg1_1
	  VG Name               vg1
	  PV Size               101.00 GiB / not usable 4.00 MiB
	  Allocatable           yes 
	  PE Size               4.00 MiB
	  Total PE              25855
	  Free PE               25705
	  Allocated PE          150
	  PV UUID               hEhSDw-2qk4-gzhd-O6Hq-3zLJ-ntua-hHnol6
	   
	  --- Physical Segments ---
	  Physical extent 0 to 49:
	    Logical volume	/dev/vg1/lv1
	    Logical extents	50 to 99
	  Physical extent 50 to 99:
	    Logical volume	/dev/vg1/lv2
	    Logical extents	50 to 99
	  Physical extent 100 to 149:
	    Logical volume	/dev/vg1/lv3
	    Logical extents	50 to 99
	  Physical extent 150 to 25854:
	    FREE
	   
	  --- Physical volume ---
	  PV Name               /dev/mapper/cdotsan_RHEL1_vg2_2
	  VG Name               vg2
	  PV Size               81.01 GiB / not usable 1.00 MiB
	  Allocatable           yes 
	  PE Size               4.00 MiB
	  Total PE              20738
	  Free PE               20588
	  Allocated PE          150
	  PV UUID               0ZYZNm-4v9r-v07j-OuhU-TPSw-DIxm-28zLsy
	   
	  --- Physical Segments ---
	  Physical extent 0 to 74:
	    Logical volume	/dev/vg2/lv1
	    Logical extents	0 to 74
	  Physical extent 75 to 149:
	    Logical volume	/dev/vg2/lv2
	    Logical extents	0 to 74
	  Physical extent 150 to 20737:
	    FREE
	   
	  --- Physical volume ---
	  PV Name               /dev/mapper/cdotsan_RHEL1_vg2_1
	  VG Name               vg2
	  PV Size               81.01 GiB / not usable 1.00 MiB
	  Allocatable           yes 
	  PE Size               4.00 MiB
	  Total PE              20738
	  Free PE               20588
	  Allocated PE          150
	  PV UUID               iwL1zR-qPc0-2CGI-k1hU-5wln-rXXF-9xx1ER
	   
	  --- Physical Segments ---
	  Physical extent 0 to 74:
	    Logical volume	/dev/vg2/lv1
	    Logical extents	75 to 149
	  Physical extent 75 to 149:
	    Logical volume	/dev/vg2/lv2
	    Logical extents	75 to 149
	  Physical extent 150 to 20737:
	    FREE
	   
	  --- Physical volume ---
	  PV Name               /dev/mapper/mpathi
	  VG Name               vg2_old_to_delete_XIV
	  PV Size               80.01 GiB / not usable 2.00 MiB
	  Allocatable           yes 
	  PE Size               4.00 MiB
	  Total PE              20481
	  Free PE               20331
	  Allocated PE          150
	  PV UUID               YSPWcg-7dKF-9mrd-fINK-U7e6-X3I8-f4BfDY
	   
	  --- Physical Segments ---
	  Physical extent 0 to 74:
	    Logical volume	/dev/vg2_old_to_delete_XIV/lv1_old_to_delete_XIV
	    Logical extents	0 to 149
	  Physical extent 75 to 149:
	    Logical volume	/dev/vg2_old_to_delete_XIV/lv2_old_to_delete_XIV
	    Logical extents	0 to 149
	  Physical extent 150 to 20480:
	    FREE
	   
	  --- Physical volume ---
	  PV Name               /dev/mapper/mpathj
	  VG Name               vg2_old_to_delete_XIV
	  PV Size               80.01 GiB / not usable 2.00 MiB
	  Allocatable           yes 
	  PE Size               4.00 MiB
	  Total PE              20481
	  Free PE               20331
	  Allocated PE          150
	  PV UUID               AU13lI-9ce3-WJ29-vVBG-jNXP-vI7p-4Y6L0P
	   
	  --- Physical Segments ---
	  Physical extent 0 to 74:
	    Logical volume	/dev/vg2_old_to_delete_XIV/lv1_old_to_delete_XIV
	    Logical extents	0 to 149
	  Physical extent 75 to 149:
	    Logical volume	/dev/vg2_old_to_delete_XIV/lv2_old_to_delete_XIV
	    Logical extents	0 to 149
	  Physical extent 150 to 20480:
	    FREE
	   
	  --- Physical volume ---
	  PV Name               /dev/mapper/mpathf
	  VG Name               vg1_old_to_delete_XIV
	  PV Size               100.00 GiB / not usable 4.00 MiB
	  Allocatable           yes 
	  PE Size               4.00 MiB
	  Total PE              25599
	  Free PE               25449
	  Allocated PE          150
	  PV UUID               rbKWvP-u3ei-0Qwm-jfb7-qQ0x-ckkZ-GPVQtN
	   
	  --- Physical Segments ---
	  Physical extent 0 to 49:
	    Logical volume	/dev/vg1_old_to_delete_XIV/lv1_old_to_delete_XIV
	    Logical extents	0 to 149
	  Physical extent 50 to 99:
	    Logical volume	/dev/vg1_old_to_delete_XIV/lv2_old_to_delete_XIV
	    Logical extents	0 to 149
	  Physical extent 100 to 149:
	    Logical volume	/dev/vg1_old_to_delete_XIV/lv3_old_to_delete_XIV
	    Logical extents	0 to 149
	  Physical extent 150 to 25598:
	    FREE
	   
	  --- Physical volume ---
	  PV Name               /dev/mapper/mpathg
	  VG Name               vg1_old_to_delete_XIV
	  PV Size               100.00 GiB / not usable 4.00 MiB
	  Allocatable           yes 
	  PE Size               4.00 MiB
	  Total PE              25599
	  Free PE               25449
	  Allocated PE          150
	  PV UUID               zIBxXG-Nrbp-DWxO-GlHH-PXlu-pQlX-cfjNfe
	   
	  --- Physical Segments ---
	  Physical extent 0 to 49:
	    Logical volume	/dev/vg1_old_to_delete_XIV/lv1_old_to_delete_XIV
	    Logical extents	0 to 149
	  Physical extent 50 to 99:
	    Logical volume	/dev/vg1_old_to_delete_XIV/lv2_old_to_delete_XIV
	    Logical extents	0 to 149
	  Physical extent 100 to 149:
	    Logical volume	/dev/vg1_old_to_delete_XIV/lv3_old_to_delete_XIV
	    Logical extents	0 to 149
	  Physical extent 150 to 25598:
	    FREE
	   
	  --- Physical volume ---
	  PV Name               /dev/mapper/mpathh
	  VG Name               vg1_old_to_delete_XIV
	  PV Size               100.00 GiB / not usable 4.00 MiB
	  Allocatable           yes 
	  PE Size               4.00 MiB
	  Total PE              25599
	  Free PE               25449
	  Allocated PE          150
	  PV UUID               8pfzhf-e2Hq-ijfH-5c3z-fEZw-cfcr-4txNzW
	   
	  --- Physical Segments ---
	  Physical extent 0 to 49:
	    Logical volume	/dev/vg1_old_to_delete_XIV/lv1_old_to_delete_XIV
	    Logical extents	0 to 149
	  Physical extent 50 to 99:
	    Logical volume	/dev/vg1_old_to_delete_XIV/lv2_old_to_delete_XIV
	    Logical extents	0 to 149
	  Physical extent 100 to 149:
	    Logical volume	/dev/vg1_old_to_delete_XIV/lv3_old_to_delete_XIV
	    Logical extents	0 to 149
	  Physical extent 150 to 25598:
	    FREE
	   
	  --- Physical volume ---
	  PV Name               /dev/sda2
	  VG Name               vg_rhel1
	  PV Size               15.51 GiB / not usable 3.00 MiB
	  Allocatable           yes (but full)
	  PE Size               4.00 MiB
	  Total PE              3970
	  Free PE               0
	  Allocated PE          3970
	  PV UUID               MFLAuA-LfkH-ZT2D-l04v-qBDe-SC92-WQKmMv
	   
	  --- Physical Segments ---
	  Physical extent 0 to 2945:
	    Logical volume	/dev/vg_rhel1/lv_root
	    Logical extents	0 to 2945
	  Physical extent 2946 to 3969:
	    Logical volume	/dev/vg_rhel1/lv_swap
	    Logical extents	0 to 1023
	   
Mon Apr  2 07:03:39 2018 - running command:
	ssh -o StrictHostKeyChecking=no -o PreferredAuthentications=publickey RHEL1  lvmdiskscan
Mon Apr  2 07:03:40 2018 - commnad output:
	  /dev/ram0                       [      16.00 MiB] 
	  /dev/root                       [      11.51 GiB] 
	  /dev/ram1                       [      16.00 MiB] 
	  /dev/sda1                       [     500.00 MiB] 
	  /dev/vg_rhel1/lv_swap           [       4.00 GiB] 
	  /dev/ram2                       [      16.00 MiB] 
	  /dev/sda2                       [      15.51 GiB] LVM physical volume
	  /dev/mapper/mpathf              [     100.00 GiB] LVM physical volume
	  /dev/ram3                       [      16.00 MiB] 
	  /dev/mapper/mpathh              [     100.00 GiB] LVM physical volume
	  /dev/ram4                       [      16.00 MiB] 
	  /dev/mapper/mpathg              [     100.00 GiB] LVM physical volume
	  /dev/ram5                       [      16.00 MiB] 
	  /dev/mapper/mpathi              [      80.01 GiB] LVM physical volume
	  /dev/ram6                       [      16.00 MiB] 
	  /dev/mapper/mpathj              [      80.01 GiB] LVM physical volume
	  /dev/ram7                       [      16.00 MiB] 
	  /dev/vg1/lv1                    [     600.00 MiB] 
	  /dev/ram8                       [      16.00 MiB] 
	  /dev/vg1/lv3                    [     600.00 MiB] 
	  /dev/ram9                       [      16.00 MiB] 
	  /dev/vg1/lv2                    [     600.00 MiB] 
	  /dev/ram10                      [      16.00 MiB] 
	  /dev/vg2/lv1                    [     600.00 MiB] 
	  /dev/ram11                      [      16.00 MiB] 
	  /dev/vg2/lv2                    [     600.00 MiB] 
	  /dev/ram12                      [      16.00 MiB] 
	  /dev/mapper/cdotsan_RHEL1_vg2_2 [      81.01 GiB] LVM physical volume
	  /dev/ram13                      [      16.00 MiB] 
	  /dev/mapper/cdotsan_RHEL1_vg1_3 [     101.00 GiB] LVM physical volume
	  /dev/ram14                      [      16.00 MiB] 
	  /dev/mapper/cdotsan_RHEL1_vg1_1 [     101.00 GiB] LVM physical volume
	  /dev/ram15                      [      16.00 MiB] 
	  /dev/mapper/cdotsan_RHEL1_vg2_1 [      81.01 GiB] LVM physical volume
	  /dev/mapper/cdotsan_RHEL1_vg1_2 [     101.00 GiB] LVM physical volume
	  2 disks
	  22 partitions
	  5 LVM physical volume whole disks
	  6 LVM physical volumes
Mon Apr  2 07:03:40 2018 - running command:
	ssh -o StrictHostKeyChecking=no -o PreferredAuthentications=publickey RHEL1  pvs --units m -o +pv_pe_count
Mon Apr  2 07:03:40 2018 - commnad output:
	  PV                              VG                    Fmt  Attr PSize      PFree      PE   
	  /dev/mapper/cdotsan_RHEL1_vg1_1 vg1                   lvm2 a--u 103420.00m 102820.00m 25855
	  /dev/mapper/cdotsan_RHEL1_vg1_2 vg1                   lvm2 a--u 103420.00m 102820.00m 25855
	  /dev/mapper/cdotsan_RHEL1_vg1_3 vg1                   lvm2 a--u 103420.00m 102820.00m 25855
	  /dev/mapper/cdotsan_RHEL1_vg2_1 vg2                   lvm2 a--u  82952.00m  82352.00m 20738
	  /dev/mapper/cdotsan_RHEL1_vg2_2 vg2                   lvm2 a--u  82952.00m  82352.00m 20738
	  /dev/mapper/mpathf              vg1_old_to_delete_XIV lvm2 a--u 102396.00m 101796.00m 25599
	  /dev/mapper/mpathg              vg1_old_to_delete_XIV lvm2 a--u 102396.00m 101796.00m 25599
	  /dev/mapper/mpathh              vg1_old_to_delete_XIV lvm2 a--u 102396.00m 101796.00m 25599
	  /dev/mapper/mpathi              vg2_old_to_delete_XIV lvm2 a--u  81924.00m  81324.00m 20481
	  /dev/mapper/mpathj              vg2_old_to_delete_XIV lvm2 a--u  81924.00m  81324.00m 20481
	  /dev/sda2                       vg_rhel1              lvm2 a--u  15880.00m         0m  3970
Mon Apr  2 07:03:40 2018 - running command:
	LV: vg1/lv1 is not located on old devices
Mon Apr  2 07:03:40 2018 - commnad output:
Mon Apr  2 07:03:40 2018 - running command:
	LV: vg1/lv3 is not located on old devices
Mon Apr  2 07:03:40 2018 - commnad output:
Mon Apr  2 07:03:40 2018 - running command:
	LV: vg1/lv2 is not located on old devices
Mon Apr  2 07:03:40 2018 - commnad output:
Mon Apr  2 07:03:40 2018 - running command:
	LV: vg2/lv1 is not located on old devices
Mon Apr  2 07:03:40 2018 - commnad output:
Mon Apr  2 07:03:40 2018 - running command:
	LV: vg2/lv2 is not located on old devices
Mon Apr  2 07:03:40 2018 - commnad output:
Mon Apr  2 07:03:40 2018 - spliting vg:vg1 keeping old lvs on vg:vg1_old_to_delete_XIV :
Mon Apr  2 07:03:40 2018 - running command:
	ssh -o StrictHostKeyChecking=no -o PreferredAuthentications=publickey RHEL1  vgsplit vg1 vg1_old_to_delete_XIV 
Mon Apr  2 07:03:40 2018 - commnad output:

Mon Apr  2 07:03:40 2018 - spliting vg:vg2 keeping old lvs on vg:vg2_old_to_delete_XIV :
Mon Apr  2 07:03:40 2018 - running command:
	ssh -o StrictHostKeyChecking=no -o PreferredAuthentications=publickey RHEL1  vgsplit vg2 vg2_old_to_delete_XIV 
Mon Apr  2 07:03:40 2018 - commnad output:

Mon Apr  2 07:03:40 2018 - all done
